
> lantiai@0.1.0 build
> next build

Γû▓ Next.js 16.1.6 (Turbopack)

  Creating an optimized production build ...
Γ£ô Compiled successfully in 3.8s
  Running TypeScript ...
  Collecting page data using 7 workers ...
  Generating static pages using 7 workers (0/5) ...
  Generating static pages using 7 workers (1/5) 
node.exe : Error 
occurred prerendering 
page "/". Read more: ht
tps://nextjs.org/docs/m
essages/prerender-error
At C:\Program Files\nod
ejs\npm.ps1:29 char:3
+   & $NODE_EXE 
$NPM_CLI_JS $args
+   ~~~~~~~~~~~~~~~~~~~
~~~~~~~~~~
    + CategoryInfo     
         : NotSpecifi  
  ed: (Error occurre   
 d ...prerender-err    
or:String) [], Rem    
oteException
    + FullyQualifiedEr 
   rorId : NativeComm  
  andError
 
Error [FirebaseError]: 
Firebase: Error 
(auth/invalid-api-key).
    at bO (C:\Users\eya
af\Documents\lantiai\.n
ext\server\chunks\ssr\[
root-of-the-server]__4b
cb518a._.js:3:364066)
    at bP (C:\Users\eya
af\Documents\lantiai\.n
ext\server\chunks\ssr\[
root-of-the-server]__4b
cb518a._.js:3:364115)
    at 
ak.instanceFactory (C:\
Users\eyaaf\Documents\l
antiai\.next\server\chu
nks\ssr\[root-of-the-se
rver]__4bcb518a._.js:3:
415232)
    at am.getOrInitiali
zeService (C:\Users\eya
af\Documents\lantiai\.n
ext\server\chunks\ssr\[
root-of-the-server]__4b
cb518a._.js:3:344370)
    at am.initialize (C
:\Users\eyaaf\Documents
\lantiai\.next\server\c
hunks\ssr\[root-of-the-
server]__4bcb518a._.js:
3:343778)
    at cY (C:\Users\eya
af\Documents\lantiai\.n
ext\server\chunks\ssr\[
root-of-the-server]__4b
cb518a._.js:3:401521)
    at dL (C:\Users\eya
af\Documents\lantiai\.n
ext\server\chunks\ssr\[
root-of-the-server]__4b
cb518a._.js:3:415870)
    at module 
evaluation (C:\Users\ey
aaf\Documents\lantiai\.
next\server\chunks\ssr\
[root-of-the-server]__4
bcb518a._.js:15:10423)
    at 
instantiateModule (C:\U
sers\eyaaf\Documents\la
ntiai\.next\server\chun
ks\ssr\[turbopack]_runt
ime.js:740:9)
    at getOrInstantiate
ModuleFromParent (C:\Us
ers\eyaaf\Documents\lan
tiai\.next\server\chunk
s\ssr\[turbopack]_runti
me.js:763:12) {
  code: 
'auth/invalid-api-key',
  customData: [Object],
  digest: '4207144498'
}
Export encountered an 
error on /page: /, 
exiting the build.
Γ¿» Next.js build 
worker exited with 
code: 1 and signal: 
null
